Sun 09/08/2024 
07:33 AM
$PROBLEM    Dual Numbers benchmark
$INPUT       ID TIME AMT DV WT
$DATA      C:/git/adpoBenchmark/data/sim_1_0_0_0.csv IGNORE=@

$SUBROUTINE ADVAN6 TOL=7 
$MODEL
  COMP=(DEPOT,DEFDOSE)
  COMP=(CENTRAL,NODOSE,DEFOBS)
  COMP=(PERI,NODOSE)
$PK      
  CWT = WT/70 

  TVVMAX= THETA(1)   
  VMAX=TVVMAX*EXP(ETA(1)) 
  TVKM = THETA(2)
  KM = TVKM  
  TVV2=THETA(3) 
  V2=TVV2    
  TVKA=THETA(4) 
  KA=TVKA   
  K23=THETA(5)
  K32=THETA(6)
  SC = V2
$ERROR    
  IPRED = F
  Y=F*EXP(EPS(2)) + EPS(1)
$DES
  CONC = A(2)/SC
  DADT(1) = -KA*A(1)
  DADT(2) =  KA*A(1)-VMAX*CONC/(KM+CONC) -K23*A(2)+K32*A(3)
  DADT(3) = K23*A(2)-K32*A(3)

$THETA   
  (100,4000)	; THETA(1) VMAX UNITS =  MG/HR
  (100,4000)	; THETA(2) KM UNITS =  CONC
  (0,50) 	; THETA(3) V  UNITS = L
  (0,1.2) 	; THETA(4) KA UNITS = 1/HR    


  (0,2)	 ;; THETA(5) K23
  (0,3)	 ;; THETA(6) K32
; empty $OMEGA    
$OMEGA  
  0.3		; ETA(1) ETA ON VMAX
$SIGMA     
  (1) ;; EPS(1) ADDITIVE
  (0.3) ;; EPS(2) PROPORTIONAL
  $EST METHOD=COND INTER MAXEVALS=9999 NOHABORT NOOMEGABOUNDTEST NOSIGMABOUNDTEST NOTHETABOUNDTEST
  $COV UNCOND PRECOND=2
  ;;; Model Identifier =  1,0,0,0

$TABLE ID TIME IPRED DV NOAPPEND ONEHEADER NOPRINT FILE= Run1Preds.dat
;; Phenotype: ([('COMP', 1), ('ETAs', 0), ('V~WT', 0), ('GAMMA', 0)])
;; Genotype: [1, 0, 0, 0]
;; Num non-influential tokens: 0
  
NM-TRAN MESSAGES 
  
 WARNINGS AND ERRORS (IF ANY) FOR PROBLEM    1
             
 (WARNING  2) NM-TRAN INFERS THAT THE DATA ARE POPULATION.
  
License Registered to: Certara USA
Expiration Date:    14 MAR 2025
Current Date:        8 SEP 2024
Days until program expires : 191
1NONLINEAR MIXED EFFECTS MODEL PROGRAM (NONMEM) VERSION 7.4.3
 ORIGINALLY DEVELOPED BY STUART BEAL, LEWIS SHEINER, AND ALISON BOECKMANN
 CURRENT DEVELOPERS ARE ROBERT BAUER, ICON DEVELOPMENT SOLUTIONS,
 AND ALISON BOECKMANN. IMPLEMENTATION, EFFICIENCY, AND STANDARDIZATION
 PERFORMED BY NOUS INFOSYSTEMS.

 PROBLEM NO.:         1
 Dual Numbers benchmark
0DATA CHECKOUT RUN:              NO
 DATA SET LOCATED ON UNIT NO.:    2
 THIS UNIT TO BE REWOUND:        NO
 NO. OF DATA RECS IN DATA SET:      540
 NO. OF DATA ITEMS IN DATA SET:   7
 ID DATA ITEM IS DATA ITEM NO.:   1
 DEP VARIABLE IS DATA ITEM NO.:   4
 MDV DATA ITEM IS DATA ITEM NO.:  7
0INDICES PASSED TO SUBROUTINE PRED:
   6   2   3   0   0   0   0   0   0   0   0
0LABELS FOR DATA ITEMS:
 ID TIME AMT DV WT EVID MDV
0(NONBLANK) LABELS FOR PRED-DEFINED ITEMS:
 IPRED
0FORMAT FOR DATA:
 (5E8.0,2F2.0)

 TOT. NO. OF OBS RECS:      480
 TOT. NO. OF INDIVIDUALS:       60
0LENGTH OF THETA:   6
0DEFAULT THETA BOUNDARY TEST OMITTED:   YES
0OMEGA HAS SIMPLE DIAGONAL FORM WITH DIMENSION:   1
0DEFAULT OMEGA BOUNDARY TEST OMITTED:   YES
0SIGMA HAS SIMPLE DIAGONAL FORM WITH DIMENSION:   2
0DEFAULT SIGMA BOUNDARY TEST OMITTED:   YES
0INITIAL ESTIMATE OF THETA:
 LOWER BOUND    INITIAL EST    UPPER BOUND
  0.1000E+03     0.4000E+04     0.1000E+07
  0.1000E+03     0.4000E+04     0.1000E+07
  0.0000E+00     0.5000E+02     0.1000E+07
  0.0000E+00     0.1200E+01     0.1000E+07
  0.0000E+00     0.2000E+01     0.1000E+07
  0.0000E+00     0.3000E+01     0.1000E+07
0INITIAL ESTIMATE OF OMEGA:
 0.3000E+00
0INITIAL ESTIMATE OF SIGMA:
 0.1000E+01
 0.0000E+00   0.3000E+00
0COVARIANCE STEP OMITTED:        NO
 EIGENVLS. PRINTED:              NO
 SPECIAL COMPUTATION:            NO
 COMPRESSED FORMAT:              NO
 GRADIENT METHOD USED:     NOSLOW
 SIGDIGITS ETAHAT (SIGLO):                  -1
 SIGDIGITS GRADIENTS (SIGL):                -1
 EXCLUDE COV FOR FOCE (NOFCOV):              NO
 TURN OFF Cholesky Transposition of R Matrix (CHOLROFF): NO
 KNUTHSUMOFF:                                -1
 RESUME COV ANALYSIS (RESUME):               NO
 SIR SAMPLE SIZE (SIRSAMPLE):              -1
 NON-LINEARLY TRANSFORM THETAS DURING COV (THBND): 1
 PRECONDTIONING CYCLES (PRECOND):        2
 PRECONDTIONING TYPES (PRECONDS):        TOS
 FORCED PRECONDTIONING CYCLES (PFCOND):0
 PRECONDTIONING TYPE (PRETYPE):        0
 FORCED POS. DEFINITE SETTING: (FPOSDEF):0
0TABLES STEP OMITTED:    NO
 NO. OF TABLES:           1
 SEED NUMBER (SEED):    11456
 RANMETHOD:             3U
 MC SAMPLES (ESAMPLE):    300
 WRES SQUARE ROOT TYPE (WRESCHOL): EIGENVALUE
0-- TABLE   1 --
0RECORDS ONLY:    ALL
04 COLUMNS APPENDED:    NO
 PRINTED:                NO
 HEADER:                YES
 FILE TO BE FORWARDED:   NO
 FORMAT:                S1PE11.4
 LFORMAT:
 RFORMAT:
 FIXED_EFFECT_ETAS:
0USER-CHOSEN ITEMS:
 ID TIME IPRED DV
1DOUBLE PRECISION PREDPP VERSION 7.4.3

 GENERAL NONLINEAR KINETICS MODEL (DVERK1, ADVAN6)
0MODEL SUBROUTINE USER-SUPPLIED - ID NO. 9999
0MAXIMUM NO. OF BASIC PK PARAMETERS:   6
0COMPARTMENT ATTRIBUTES
 COMPT. NO.   FUNCTION   INITIAL    ON/OFF      DOSE      DEFAULT    DEFAULT
                         STATUS     ALLOWED    ALLOWED    FOR DOSE   FOR OBS.
    1         DEPOT        ON         YES        YES        YES        NO
    2         CENTRAL      ON         YES        NO         NO         YES
    3         PERI         ON         YES        NO         NO         NO
    4         OUTPUT       OFF        YES        NO         NO         NO
 INITIAL (BASE) TOLERANCE SETTINGS:
 NRD (RELATIVE) VALUE OF TOLERANCE:   7
 ANRD (ABSOLUTE) VALUE OF TOLERANCE:  12
1
 ADDITIONAL PK PARAMETERS - ASSIGNMENT OF ROWS IN GG
 COMPT. NO.                             INDICES
              SCALE      BIOAVAIL.   ZERO-ORDER  ZERO-ORDER  ABSORB
                         FRACTION    RATE        DURATION    LAG
    1            *           *           *           *           *
    2            7           -           -           -           -
    3            *           -           -           -           -
    4            *           -           -           -           -
             - PARAMETER IS NOT ALLOWED FOR THIS MODEL
             * PARAMETER IS NOT SUPPLIED BY PK SUBROUTINE;
               WILL DEFAULT TO ONE IF APPLICABLE
0DATA ITEM INDICES USED BY PRED ARE:
   EVENT ID DATA ITEM IS DATA ITEM NO.:      6
   TIME DATA ITEM IS DATA ITEM NO.:          2
   DOSE AMOUNT DATA ITEM IS DATA ITEM NO.:   3

0PK SUBROUTINE CALLED WITH EVERY EVENT RECORD.
 PK SUBROUTINE NOT CALLED AT NONEVENT (ADDITIONAL OR LAGGED) DOSE TIMES.
0ERROR SUBROUTINE CALLED WITH EVERY EVENT RECORD.
0DES SUBROUTINE USES COMPACT STORAGE MODE.
1


 #TBLN:      1
 #METH: First Order Conditional Estimation with Interaction

 ESTIMATION STEP OMITTED:                 NO
 ANALYSIS TYPE:                           POPULATION
 NUMBER OF SADDLE POINT RESET ITERATIONS:      0
 GRADIENT METHOD USED:               NOSLOW
 CONDITIONAL ESTIMATES USED:              YES
 CENTERED ETA:                            NO
 EPS-ETA INTERACTION:                     YES
 LAPLACIAN OBJ. FUNC.:                    NO
 NO. OF FUNCT. EVALS. ALLOWED:            9999
 NO. OF SIG. FIGURES REQUIRED:            3
 INTERMEDIATE PRINTOUT:                   YES
 ESTIMATE OUTPUT TO MSF:                  NO
 ABORT WITH PRED EXIT CODE 1:             NO
 IND. OBJ. FUNC. VALUES SORTED:           NO
 NUMERICAL DERIVATIVE
       FILE REQUEST (NUMDER):               NONE
 MAP (ETAHAT) ESTIMATION METHOD (OPTMAP):   0
 ETA HESSIAN EVALUATION METHOD (ETADER):    0
 INITIAL ETA FOR MAP ESTIMATION (MCETA):    0
 SIGDIGITS FOR MAP ESTIMATION (SIGLO):      100
 GRADIENT SIGDIGITS OF
       FIXED EFFECTS PARAMETERS (SIGL):     100
 NOPRIOR SETTING (NOPRIOR):                 OFF
 NOCOV SETTING (NOCOV):                     OFF
 DERCONT SETTING (DERCONT):                 OFF
 FINAL ETA RE-EVALUATION (FNLETA):          ON
 EXCLUDE NON-INFLUENTIAL (NON-INFL.) ETAS
       IN SHRINKAGE (ETASTYPE):             NO
 NON-INFL. ETA CORRECTION (NONINFETA):      OFF
 RAW OUTPUT FILE (FILE): Run7.ext
 EXCLUDE TITLE (NOTITLE):                   NO
 EXCLUDE COLUMN LABELS (NOLABEL):           NO
 FORMAT FOR ADDITIONAL FILES (FORMAT):      S1PE12.5
 PARAMETER ORDER FOR OUTPUTS (ORDER):       TSOL
 WISHART PRIOR DF INTERPRETATION (WISHTYPE):0
 KNUTHSUMOFF:                               0
 INCLUDE LNTWOPI:                           NO
 INCLUDE CONSTANT TERM TO PRIOR (PRIORC):   NO
 INCLUDE CONSTANT TERM TO OMEGA (ETA) (OLNTWOPI):NO
 ADDITIONAL CONVERGENCE TEST (CTYPE=4)?:    NO
 EM OR BAYESIAN METHOD USED:                 NONE

 TOLERANCES FOR ESTIMATION/EVALUATION STEP:
 NRD (RELATIVE) VALUE OF TOLERANCE:   7
 ANRD (ABSOLUTE) VALUE OF TOLERANCE:  12
 TOLERANCES FOR COVARIANCE STEP:
 NRD (RELATIVE) VALUE OF TOLERANCE:   7
 ANRD (ABSOLUTE) VALUE OF TOLERANCE:  12
 TOLERANCES FOR TABLE/SCATTER STEP:
 NRD (RELATIVE) VALUE OF TOLERANCE:   7
 ANRD (ABSOLUTE) VALUE OF TOLERANCE:  12

 THE FOLLOWING LABELS ARE EQUIVALENT
 PRED=PREDI
 RES=RESI
 WRES=WRESI
 IWRS=IWRESI
 IPRD=IPREDI
 IRS=IRESI

 MONITORING OF SEARCH:


0ITERATION NO.:    0    OBJECTIVE VALUE:   5881.95084736589        NO. OF FUNC. EVALS.:  10
 CUMULATIVE NO. OF FUNC. EVALS.:       10
 NPARAMETR:  4.0000E+03  4.0000E+03  5.0000E+01  1.2000E+00  2.0000E+00  3.0000E+00  3.0000E-01  1.0000E+00  3.0000E-01
 PARAMETER:  1.0000E-01  1.0000E-01  1.0000E-01  1.0000E-01  1.0000E-01  1.0000E-01  1.0000E-01  1.0000E-01  1.0000E-01
 GRADIENT:  -4.2820E+02  4.1938E+02  8.8788E+02 -1.2042E+02  3.4017E+02 -3.1805E+02 -4.7644E+02  9.2581E+00 -1.6436E+02

0ITERATION NO.:   55    OBJECTIVE VALUE:   5488.24303283267        NO. OF FUNC. EVALS.:1144
 CUMULATIVE NO. OF FUNC. EVALS.:     1154
 NPARAMETR:  6.7344E+03  2.1588E+03  4.0515E+00  1.1469E-01  1.7712E+00  1.6762E-01  1.4542E-01  2.2557E-01  2.4782E-01
 PARAMETER:  6.3129E-01 -5.3887E-01 -2.4129E+00 -2.2478E+00 -2.1507E-02 -2.7847E+00 -2.6208E-01 -6.4456E-01  4.4590E-03
 GRADIENT:   2.2268E-02 -1.6070E-02 -2.9474E-02  3.2799E-02 -1.0591E-02  1.0889E-04  2.2013E-03  4.9067E-04  1.0970E-02

 #TERM:
0MINIMIZATION SUCCESSFUL
 NO. OF FUNCTION EVALUATIONS USED:     1154
 NO. OF SIG. DIGITS IN FINAL EST.:  3.2

 ETABAR IS THE ARITHMETIC MEAN OF THE ETA-ESTIMATES,
 AND THE P-VALUE IS GIVEN FOR THE NULL HYPOTHESIS THAT THE TRUE MEAN IS 0.

 ETABAR:         1.1576E-03
 SE:             4.7963E-02
 N:                      60

 P VAL.:         9.8074E-01

 ETASHRINKSD(%)  1.7534E+00
 ETASHRINKVR(%)  3.4760E+00
 EBVSHRINKSD(%)  1.7805E+00
 EBVSHRINKVR(%)  3.5293E+00
 EPSSHRINKSD(%)  3.9531E+00  3.9531E+00
 EPSSHRINKVR(%)  7.7499E+00  7.7499E+00

  
 TOTAL DATA POINTS NORMALLY DISTRIBUTED (N):          480
 N*LOG(2PI) CONSTANT TO OBJECTIVE FUNCTION:    882.18099187648579     
 OBJECTIVE FUNCTION VALUE WITHOUT CONSTANT:    5488.2430328326745     
 OBJECTIVE FUNCTION VALUE WITH CONSTANT:       6370.4240247091602     
 REPORTED OBJECTIVE FUNCTION DOES NOT CONTAIN CONSTANT
  
 TOTAL EFFECTIVE ETAS (NIND*NETA):                            60
  
 #TERE:
 Elapsed estimation  time in seconds:   139.77
 TESTING R MATRIX FOR POSITIVE DEFINITNESS
 R MATRIX IS POSITIVE DEFINITE
 Elapsed covariance  time in seconds:    52.40
 Elapsed postprocess time in seconds:     0.91
1
 
 
 
 
 
 
 
 
 
 
 
 
 
 
 
 
 
 
 
 
 ************************************************************************************************************************
 ********************                                                                                ********************
 ********************               FIRST ORDER CONDITIONAL ESTIMATION WITH INTERACTION              ********************
 #OBJT:**************                       MINIMUM VALUE OF OBJECTIVE FUNCTION                      ********************
 ********************                                                                                ********************
 ************************************************************************************************************************
 





 #OBJV:********************************************     5488.243       **************************************************
1
 ************************************************************************************************************************
 ********************                                                                                ********************
 ********************               FIRST ORDER CONDITIONAL ESTIMATION WITH INTERACTION              ********************
 ********************                             FINAL PARAMETER ESTIMATE                           ********************
 ********************                                                                                ********************
 ************************************************************************************************************************
 


 THETA - VECTOR OF FIXED EFFECTS PARAMETERS   *********


         TH 1      TH 2      TH 3      TH 4      TH 5      TH 6     
 
         6.73E+03  2.16E+03  4.05E+00  1.15E-01  1.77E+00  1.68E-01
 


 OMEGA - COV MATRIX FOR RANDOM EFFECTS - ETAS  ********


         ETA1     
 
 ETA1
+        1.45E-01
 


 SIGMA - COV MATRIX FOR RANDOM EFFECTS - EPSILONS  ****


         EPS1      EPS2     
 
 EPS1
+        2.26E-01
 
 EPS2
+        0.00E+00  2.48E-01
 
1


 OMEGA - CORR MATRIX FOR RANDOM EFFECTS - ETAS  *******


         ETA1     
 
 ETA1
+        3.81E-01
 


 SIGMA - CORR MATRIX FOR RANDOM EFFECTS - EPSILONS  ***


         EPS1      EPS2     
 
 EPS1
+        4.75E-01
 
 EPS2
+        0.00E+00  4.98E-01
 
1
 ************************************************************************************************************************
 ********************                                                                                ********************
 ********************               FIRST ORDER CONDITIONAL ESTIMATION WITH INTERACTION              ********************
 ********************                            STANDARD ERROR OF ESTIMATE                          ********************
 ********************                                                                                ********************
 ************************************************************************************************************************
 


 THETA - VECTOR OF FIXED EFFECTS PARAMETERS   *********


         TH 1      TH 2      TH 3      TH 4      TH 5      TH 6     
 
         4.51E+03  1.88E+03  1.22E+00  2.55E-02  3.80E-01  2.83E-02
 


 OMEGA - COV MATRIX FOR RANDOM EFFECTS - ETAS  ********


         ETA1     
 
 ETA1
+        2.87E-02
 


 SIGMA - COV MATRIX FOR RANDOM EFFECTS - EPSILONS  ****


         EPS1      EPS2     
 
 EPS1
+        1.29E-01
 
 EPS2
+       .........  2.10E-02
 
1


 OMEGA - CORR MATRIX FOR RANDOM EFFECTS - ETAS  *******


         ETA1     
 
 ETA1
+        3.76E-02
 


 SIGMA - CORR MATRIX FOR RANDOM EFFECTS - EPSILONS  ***


         EPS1      EPS2     
 
 EPS1
+        1.36E-01
 
 EPS2
+       .........  2.11E-02
 
1
 ************************************************************************************************************************
 ********************                                                                                ********************
 ********************               FIRST ORDER CONDITIONAL ESTIMATION WITH INTERACTION              ********************
 ********************                          COVARIANCE MATRIX OF ESTIMATE                         ********************
 ********************                                                                                ********************
 ************************************************************************************************************************
 

            TH 1      TH 2      TH 3      TH 4      TH 5      TH 6      OM11      SG11      SG12      SG22  
 
 TH 1
+        2.04E+07
 
 TH 2
+        8.47E+06  3.54E+06
 
 TH 3
+       -1.04E+03 -4.66E+02  1.49E+00
 
 TH 4
+       -3.80E+01 -1.70E+01  2.78E-02  6.52E-04
 
 TH 5
+       -2.75E+02 -1.19E+02 -2.71E-01 -1.86E-03  1.44E-01
 
 TH 6
+        4.63E+01  1.85E+01  1.90E-02  4.46E-04  3.23E-04  8.01E-04
 
 OM11
+        4.79E+01  2.11E+01 -1.01E-02 -3.50E-04 -2.72E-03 -2.32E-04  8.22E-04
 
 SG11
+       -5.22E+00 -2.43E+00 -6.82E-03  6.42E-05  7.75E-03  3.68E-04  5.11E-05  1.67E-02
 
 SG12
+       ......... ......... ......... ......... ......... ......... ......... ......... .........
 
 SG22
+        1.23E+01  6.05E+00 -2.34E-03 -5.74E-05  2.15E-04  5.59E-05  4.25E-05  1.31E-04 .........  4.40E-04
 
1
 ************************************************************************************************************************
 ********************                                                                                ********************
 ********************               FIRST ORDER CONDITIONAL ESTIMATION WITH INTERACTION              ********************
 ********************                          CORRELATION MATRIX OF ESTIMATE                        ********************
 ********************                                                                                ********************
 ************************************************************************************************************************
 

            TH 1      TH 2      TH 3      TH 4      TH 5      TH 6      OM11      SG11      SG12      SG22  
 
 TH 1
+        4.51E+03
 
 TH 2
+        9.97E-01  1.88E+03
 
 TH 3
+       -1.88E-01 -2.03E-01  1.22E+00
 
 TH 4
+       -3.30E-01 -3.54E-01  8.90E-01  2.55E-02
 
 TH 5
+       -1.60E-01 -1.66E-01 -5.84E-01 -1.91E-01  3.80E-01
 
 TH 6
+        3.62E-01  3.47E-01  5.49E-01  6.17E-01  3.00E-02  2.83E-02
 
 OM11
+        3.70E-01  3.92E-01 -2.89E-01 -4.79E-01 -2.50E-01 -2.86E-01  2.87E-02
 
 SG11
+       -8.95E-03 -9.98E-03 -4.32E-02  1.95E-02  1.58E-01  1.00E-01  1.38E-02  1.29E-01
 
 SG12
+       ......... ......... ......... ......... ......... ......... ......... ......... .........
 
 SG22
+        1.30E-01  1.53E-01 -9.11E-02 -1.07E-01  2.70E-02  9.42E-02  7.07E-02  4.83E-02 .........  2.10E-02
 
1
 ************************************************************************************************************************
 ********************                                                                                ********************
 ********************               FIRST ORDER CONDITIONAL ESTIMATION WITH INTERACTION              ********************
 ********************                      INVERSE COVARIANCE MATRIX OF ESTIMATE                     ********************
 ********************                                                                                ********************
 ************************************************************************************************************************
 

            TH 1      TH 2      TH 3      TH 4      TH 5      TH 6      OM11      SG11      SG12      SG22  
 
 TH 1
+        1.16E-05
 
 TH 2
+       -2.94E-05  7.75E-05
 
 TH 3
+       -1.57E-03  1.53E-02  6.95E+01
 
 TH 4
+       -8.51E-02  6.10E-02 -1.55E+03  4.70E+04
 
 TH 5
+       -5.80E-03  3.69E-02  1.22E+02 -2.44E+03  2.28E+02
 
 TH 6
+        9.86E-02 -5.23E-01 -1.11E+03  1.54E+04 -2.16E+03  2.67E+04
 
 OM11
+        2.91E-02 -8.80E-02 -2.08E+01  6.32E+02 -9.01E+00  1.11E+03  2.08E+03
 
 SG11
+       -8.85E-04  3.53E-03  3.34E+00 -3.08E+01  3.23E+00 -1.34E+02 -4.15E+01  6.32E+01
 
 SG12
+       ......... ......... ......... ......... ......... ......... ......... ......... .........
 
 SG22
+        4.69E-02 -9.85E-02  8.17E+01 -1.38E+03  1.45E+02 -1.85E+03  4.14E+01 -9.34E+00 .........  2.73E+03
 
 Elapsed finaloutput time in seconds:     0.28
 #CPUT: Total CPU Time in Seconds,      188.219
Stop Time: 
Sun 09/08/2024 
07:36 AM
