Thu 09/05/2024 
06:44 PM
$PROBLEM    Dual Numbers benchmark - NONMEM
$ABBR DERIV2=NO 
$INPUT       ID TIME AMT DV WT
$DATA      c:/git/adpoBenchmark/data/sim_1_4_1_0.csv IGNORE=@
  ;; data file name must match out file name in the template file for simulations in data folder
  ;;from data\template.txt
  ;; $TABLE ID TIME AMT IOBS EVID WT FILE=c:\git\dual_numbers\data\OUT_1_4_1_0.DAT NOPRINT NOHEADER NOAPPEND
  ;; and file read/write in make_data.r
  ;; file_name <- paste0(this_comp,"_",this_eta,"_",this_vwt,"_",this_gamma)
$SUBROUTINE ADVAN6 TOL=7
$MODEL
  COMP=(DEPOT,DEFDOSE)
  COMP=(CENTRAL,NODOSE,DEFOBS)
  COMP=(PERI,NODOSE)
$PK      
  CWT = WT/70 

  TVVMAX= THETA(1)   
  VMAX=TVVMAX*EXP(ETA(1)) 
  TVKM = THETA(2)
  KM = TVKM  
  TVV2=THETA(3) *CWT**THETA(5)
  V2=TVV2 *EXP(ETA(2))    
  TVKA=THETA(4) 
  KA=TVKA   
  K23=THETA(6)
  K32=THETA(7)
  SC = V2
$ERROR 
 IPRED = F   

  Y=F*EXP(EPS(2)) + EPS(1)
$DES
  CONC = A(2)/SC
  DADT(1) = -KA*A(1)
  DADT(2) =  KA*A(1)-VMAX*CONC/(KM+CONC) -K23*A(2) + K32*A(3)
  DADT(3) = K23*A(2)-K32*A(3)

$THETA   
  (100,4000)	; THETA(1) VMAX UNITS =  mass/time
  (100,4000)	; THETA(2) KM UNITS = mass/volume
  (1,50) 		; THETA(3) V  UNITS = volume
  (0.01,1.2,3) 		; THETA(4) KA UNITS = 1/time    

  (0,1.1,10) 	;; THETA(5) V~WT
  (0.0001,2,10)	 ;; THETA(6) K23
  (0.0001,3,10)	 ;; THETA(7) K32 
  ;; Start OMEGA
$OMEGA  BLOCK(2)
  0.1		; ETA(1) ETA ON VMAX
  0.05 0.1		; ETA(2) ETA ON V2

$SIGMA     
  (1) ;; EPS(1) ADDITIVE
  (0.3) ;; EPS(2) PROPORTIONAL
$EST METHOD=COND INTER MAXEVALS=9999 NOHABORT NOOMEGABOUNDTEST NOSIGMABOUNDTEST NOTHETABOUNDTEST
$COV UNCOND PRECOND=2
  ;;; Model Identifier =  1,4,1,0

;; Phenotype: ([('COMP', 1), ('ETAs', 4), ('V~WT', 1), ('GAMMA', 0)])
;; Genotype: [1, 4, 1, 0]
;; Num non-influential tokens: 0

$TABLE ID TIME IPRED DV NOAPPEND ONEHEADER NOPRINT FILE= Run1Preds.dat  
NM-TRAN MESSAGES 
  
 WARNINGS AND ERRORS (IF ANY) FOR PROBLEM    1
             
 (WARNING  2) NM-TRAN INFERS THAT THE DATA ARE POPULATION.
  
License Registered to: Certara USA
Expiration Date:    14 MAR 2025
Current Date:        5 SEP 2024
Days until program expires : 194
1NONLINEAR MIXED EFFECTS MODEL PROGRAM (NONMEM) VERSION 7.4.3
 ORIGINALLY DEVELOPED BY STUART BEAL, LEWIS SHEINER, AND ALISON BOECKMANN
 CURRENT DEVELOPERS ARE ROBERT BAUER, ICON DEVELOPMENT SOLUTIONS,
 AND ALISON BOECKMANN. IMPLEMENTATION, EFFICIENCY, AND STANDARDIZATION
 PERFORMED BY NOUS INFOSYSTEMS.

 PROBLEM NO.:         1
 Dual Numbers benchmark - NONMEM
0DATA CHECKOUT RUN:              NO
 DATA SET LOCATED ON UNIT NO.:    2
 THIS UNIT TO BE REWOUND:        NO
 NO. OF DATA RECS IN DATA SET:      480
 NO. OF DATA ITEMS IN DATA SET:   7
 ID DATA ITEM IS DATA ITEM NO.:   1
 DEP VARIABLE IS DATA ITEM NO.:   4
 MDV DATA ITEM IS DATA ITEM NO.:  7
0INDICES PASSED TO SUBROUTINE PRED:
   6   2   3   0   0   0   0   0   0   0   0
0LABELS FOR DATA ITEMS:
 ID TIME AMT DV WT EVID MDV
0(NONBLANK) LABELS FOR PRED-DEFINED ITEMS:
 IPRED
0FORMAT FOR DATA:
 (5E8.0,2F2.0)

 TOT. NO. OF OBS RECS:      420
 TOT. NO. OF INDIVIDUALS:       60
0LENGTH OF THETA:   7
0DEFAULT THETA BOUNDARY TEST OMITTED:   YES
0OMEGA HAS BLOCK FORM:
  1
  1  1
0DEFAULT OMEGA BOUNDARY TEST OMITTED:   YES
0SIGMA HAS SIMPLE DIAGONAL FORM WITH DIMENSION:   2
0DEFAULT SIGMA BOUNDARY TEST OMITTED:   YES
0INITIAL ESTIMATE OF THETA:
 LOWER BOUND    INITIAL EST    UPPER BOUND
  0.1000E+03     0.4000E+04     0.1000E+07
  0.1000E+03     0.4000E+04     0.1000E+07
  0.1000E+01     0.5000E+02     0.1000E+07
  0.1000E-01     0.1200E+01     0.3000E+01
  0.0000E+00     0.1100E+01     0.1000E+02
  0.1000E-03     0.2000E+01     0.1000E+02
  0.1000E-03     0.3000E+01     0.1000E+02
0INITIAL ESTIMATE OF OMEGA:
 BLOCK SET NO.   BLOCK                                                                    FIXED
        1                                                                                   NO
                  0.1000E+00
                  0.5000E-01   0.1000E+00
0INITIAL ESTIMATE OF SIGMA:
 0.1000E+01
 0.0000E+00   0.3000E+00
0COVARIANCE STEP OMITTED:        NO
 EIGENVLS. PRINTED:              NO
 SPECIAL COMPUTATION:            NO
 COMPRESSED FORMAT:              NO
 GRADIENT METHOD USED:     NOSLOW
 SIGDIGITS ETAHAT (SIGLO):                  -1
 SIGDIGITS GRADIENTS (SIGL):                -1
 EXCLUDE COV FOR FOCE (NOFCOV):              NO
 TURN OFF Cholesky Transposition of R Matrix (CHOLROFF): NO
 KNUTHSUMOFF:                                -1
 RESUME COV ANALYSIS (RESUME):               NO
 SIR SAMPLE SIZE (SIRSAMPLE):              -1
 NON-LINEARLY TRANSFORM THETAS DURING COV (THBND): 1
 PRECONDTIONING CYCLES (PRECOND):        2
 PRECONDTIONING TYPES (PRECONDS):        TOS
 FORCED PRECONDTIONING CYCLES (PFCOND):0
 PRECONDTIONING TYPE (PRETYPE):        0
 FORCED POS. DEFINITE SETTING: (FPOSDEF):0
0TABLES STEP OMITTED:    NO
 NO. OF TABLES:           1
 SEED NUMBER (SEED):    11456
 RANMETHOD:             3U
 MC SAMPLES (ESAMPLE):    300
 WRES SQUARE ROOT TYPE (WRESCHOL): EIGENVALUE
0-- TABLE   1 --
0RECORDS ONLY:    ALL
04 COLUMNS APPENDED:    NO
 PRINTED:                NO
 HEADER:                YES
 FILE TO BE FORWARDED:   NO
 FORMAT:                S1PE11.4
 LFORMAT:
 RFORMAT:
 FIXED_EFFECT_ETAS:
0USER-CHOSEN ITEMS:
 ID TIME IPRED DV
1DOUBLE PRECISION PREDPP VERSION 7.4.3

 GENERAL NONLINEAR KINETICS MODEL (DVERK1, ADVAN6)
0MODEL SUBROUTINE USER-SUPPLIED - ID NO. 9999
0MAXIMUM NO. OF BASIC PK PARAMETERS:   6
0COMPARTMENT ATTRIBUTES
 COMPT. NO.   FUNCTION   INITIAL    ON/OFF      DOSE      DEFAULT    DEFAULT
                         STATUS     ALLOWED    ALLOWED    FOR DOSE   FOR OBS.
    1         DEPOT        ON         YES        YES        YES        NO
    2         CENTRAL      ON         YES        NO         NO         YES
    3         PERI         ON         YES        NO         NO         NO
    4         OUTPUT       OFF        YES        NO         NO         NO
 INITIAL (BASE) TOLERANCE SETTINGS:
 NRD (RELATIVE) VALUE OF TOLERANCE:   7
 ANRD (ABSOLUTE) VALUE OF TOLERANCE:  12
1
 ADDITIONAL PK PARAMETERS - ASSIGNMENT OF ROWS IN GG
 COMPT. NO.                             INDICES
              SCALE      BIOAVAIL.   ZERO-ORDER  ZERO-ORDER  ABSORB
                         FRACTION    RATE        DURATION    LAG
    1            *           *           *           *           *
    2            7           -           -           -           -
    3            *           -           -           -           -
    4            *           -           -           -           -
             - PARAMETER IS NOT ALLOWED FOR THIS MODEL
             * PARAMETER IS NOT SUPPLIED BY PK SUBROUTINE;
               WILL DEFAULT TO ONE IF APPLICABLE
0DATA ITEM INDICES USED BY PRED ARE:
   EVENT ID DATA ITEM IS DATA ITEM NO.:      6
   TIME DATA ITEM IS DATA ITEM NO.:          2
   DOSE AMOUNT DATA ITEM IS DATA ITEM NO.:   3

0PK SUBROUTINE CALLED WITH EVERY EVENT RECORD.
 PK SUBROUTINE NOT CALLED AT NONEVENT (ADDITIONAL OR LAGGED) DOSE TIMES.
0ERROR SUBROUTINE CALLED WITH EVERY EVENT RECORD.
0DES SUBROUTINE USES COMPACT STORAGE MODE.
1


 #TBLN:      1
 #METH: First Order Conditional Estimation with Interaction

 ESTIMATION STEP OMITTED:                 NO
 ANALYSIS TYPE:                           POPULATION
 NUMBER OF SADDLE POINT RESET ITERATIONS:      0
 GRADIENT METHOD USED:               NOSLOW
 CONDITIONAL ESTIMATES USED:              YES
 CENTERED ETA:                            NO
 EPS-ETA INTERACTION:                     YES
 LAPLACIAN OBJ. FUNC.:                    NO
 NO. OF FUNCT. EVALS. ALLOWED:            9999
 NO. OF SIG. FIGURES REQUIRED:            3
 INTERMEDIATE PRINTOUT:                   YES
 ESTIMATE OUTPUT TO MSF:                  NO
 ABORT WITH PRED EXIT CODE 1:             NO
 IND. OBJ. FUNC. VALUES SORTED:           NO
 NUMERICAL DERIVATIVE
       FILE REQUEST (NUMDER):               NONE
 MAP (ETAHAT) ESTIMATION METHOD (OPTMAP):   0
 ETA HESSIAN EVALUATION METHOD (ETADER):    0
 INITIAL ETA FOR MAP ESTIMATION (MCETA):    0
 SIGDIGITS FOR MAP ESTIMATION (SIGLO):      100
 GRADIENT SIGDIGITS OF
       FIXED EFFECTS PARAMETERS (SIGL):     100
 NOPRIOR SETTING (NOPRIOR):                 OFF
 NOCOV SETTING (NOCOV):                     OFF
 DERCONT SETTING (DERCONT):                 OFF
 FINAL ETA RE-EVALUATION (FNLETA):          ON
 EXCLUDE NON-INFLUENTIAL (NON-INFL.) ETAS
       IN SHRINKAGE (ETASTYPE):             NO
 NON-INFL. ETA CORRECTION (NONINFETA):      OFF
 RAW OUTPUT FILE (FILE): Run29.ext
 EXCLUDE TITLE (NOTITLE):                   NO
 EXCLUDE COLUMN LABELS (NOLABEL):           NO
 FORMAT FOR ADDITIONAL FILES (FORMAT):      S1PE12.5
 PARAMETER ORDER FOR OUTPUTS (ORDER):       TSOL
 WISHART PRIOR DF INTERPRETATION (WISHTYPE):0
 KNUTHSUMOFF:                               0
 INCLUDE LNTWOPI:                           NO
 INCLUDE CONSTANT TERM TO PRIOR (PRIORC):   NO
 INCLUDE CONSTANT TERM TO OMEGA (ETA) (OLNTWOPI):NO
 ADDITIONAL CONVERGENCE TEST (CTYPE=4)?:    NO
 EM OR BAYESIAN METHOD USED:                 NONE

 TOLERANCES FOR ESTIMATION/EVALUATION STEP:
 NRD (RELATIVE) VALUE OF TOLERANCE:   7
 ANRD (ABSOLUTE) VALUE OF TOLERANCE:  12
 TOLERANCES FOR COVARIANCE STEP:
 NRD (RELATIVE) VALUE OF TOLERANCE:   7
 ANRD (ABSOLUTE) VALUE OF TOLERANCE:  12
 TOLERANCES FOR TABLE/SCATTER STEP:
 NRD (RELATIVE) VALUE OF TOLERANCE:   7
 ANRD (ABSOLUTE) VALUE OF TOLERANCE:  12

 THE FOLLOWING LABELS ARE EQUIVALENT
 PRED=PREDI
 RES=RESI
 WRES=WRESI
 IWRS=IWRESI
 IPRD=IPREDI
 IRS=IRESI

 MONITORING OF SEARCH:


0ITERATION NO.:    0    OBJECTIVE VALUE:   48515.5334592512        NO. OF FUNC. EVALS.:  11
 CUMULATIVE NO. OF FUNC. EVALS.:       11
 NPARAMETR:  4.0000E+03  4.0000E+03  5.0000E+01  1.2000E+00  1.1000E+00  2.0000E+00  3.0000E+00  1.0000E-01  5.0000E-02  1.0000E-01
             1.0000E+00  3.0000E-01
 PARAMETER:  1.0000E-01  1.0000E-01  1.0000E-01  1.0000E-01  1.0000E-01  1.0000E-01  1.0000E-01  1.0000E-01  1.0000E-01  1.0000E-01
             1.0000E-01  1.0000E-01
 GRADIENT:   1.4374E+03 -9.0827E+02 -1.5819E+03  7.8108E+01  5.6446E+03 -5.1126E+02  4.4188E+02 -7.8713E+02  4.5570E+03 -1.5727E+03
            -7.8464E+04 -1.4818E+03

0ITERATION NO.:   87    OBJECTIVE VALUE:   5313.83079498154        NO. OF FUNC. EVALS.:2045
 CUMULATIVE NO. OF FUNC. EVALS.:     2056
 NPARAMETR:  4.6828E+03  1.3494E+03  1.1973E+02  6.6969E-01  5.1586E-01  3.5907E+00  1.2878E+00  1.0444E-01  5.3120E-02  1.3117E-01
             1.4135E+00  2.3864E-01
 PARAMETER:  2.6133E-01 -1.0383E+00  9.8503E-01 -7.4814E-01 -7.2079E-01  9.0689E-01 -9.6454E-01  1.2172E-01  1.0396E-01  2.6417E-01
             2.7303E-01 -1.4423E-02
 GRADIENT:   5.3347E-02 -2.6714E-02 -9.8329E-02  2.9215E-02  1.7244E-01 -4.2856E-02  4.5662E-02  5.8365E-03 -2.0066E-02  3.5430E-03
            -2.1559E-03  2.5782E-02

 #TERM:
0MINIMIZATION SUCCESSFUL
 HOWEVER, PROBLEMS OCCURRED WITH THE MINIMIZATION.
 REGARD THE RESULTS OF THE ESTIMATION STEP CAREFULLY, AND ACCEPT THEM ONLY
 AFTER CHECKING THAT THE COVARIANCE STEP PRODUCES REASONABLE OUTPUT.
 NO. OF FUNCTION EVALUATIONS USED:     2056
 NO. OF SIG. DIGITS IN FINAL EST.:  3.3

 ETABAR IS THE ARITHMETIC MEAN OF THE ETA-ESTIMATES,
 AND THE P-VALUE IS GIVEN FOR THE NULL HYPOTHESIS THAT THE TRUE MEAN IS 0.

 ETABAR:         1.6994E-03 -1.5853E-02
 SE:             3.8590E-02  4.1703E-02
 N:                      60          60

 P VAL.:         9.6488E-01  7.0384E-01

 ETASHRINKSD(%)  6.7245E+00  1.0054E+01
 ETASHRINKVR(%)  1.2997E+01  1.9098E+01
 EBVSHRINKSD(%)  6.2942E+00  1.0062E+01
 EBVSHRINKVR(%)  1.2192E+01  1.9111E+01
 EPSSHRINKSD(%)  8.7741E+00  8.7741E+00
 EPSSHRINKVR(%)  1.6778E+01  1.6778E+01

  
 TOTAL DATA POINTS NORMALLY DISTRIBUTED (N):          420
 N*LOG(2PI) CONSTANT TO OBJECTIVE FUNCTION:    771.90836789192508     
 OBJECTIVE FUNCTION VALUE WITHOUT CONSTANT:    5313.8307949815380     
 OBJECTIVE FUNCTION VALUE WITH CONSTANT:       6085.7391628734631     
 REPORTED OBJECTIVE FUNCTION DOES NOT CONTAIN CONSTANT
  
 TOTAL EFFECTIVE ETAS (NIND*NETA):                           120
  
 #TERE:
 Elapsed estimation  time in seconds:   521.14
 TESTING R MATRIX FOR POSITIVE DEFINITNESS
 R MATRIX IS NOT POSITIVE DEFINITE
 PRECONDITIONING CYCLE NO.            1
 TESTING R MATRIX FOR POSITIVE DEFINITNESS
 R MATRIX IS NOT POSITIVE DEFINITE
 PRECONDITIONING CYCLE NO.            2
 Elapsed covariance  time in seconds:   342.09
 Elapsed postprocess time in seconds:     0.48
1
 
 
 
 
 
 
 
 
 
 
 
 
 
 
 
 
 
 
 
 
 ************************************************************************************************************************
 ********************                                                                                ********************
 ********************               FIRST ORDER CONDITIONAL ESTIMATION WITH INTERACTION              ********************
 #OBJT:**************                       MINIMUM VALUE OF OBJECTIVE FUNCTION                      ********************
 ********************                                                                                ********************
 ************************************************************************************************************************
 





 #OBJV:********************************************     5313.831       **************************************************
1
 ************************************************************************************************************************
 ********************                                                                                ********************
 ********************               FIRST ORDER CONDITIONAL ESTIMATION WITH INTERACTION              ********************
 ********************                             FINAL PARAMETER ESTIMATE                           ********************
 ********************                                                                                ********************
 ************************************************************************************************************************
 


 THETA - VECTOR OF FIXED EFFECTS PARAMETERS   *********


         TH 1      TH 2      TH 3      TH 4      TH 5      TH 6      TH 7     
 
         4.68E+03  1.35E+03  1.20E+02  6.70E-01  5.16E-01  3.59E+00  1.29E+00
 


 OMEGA - COV MATRIX FOR RANDOM EFFECTS - ETAS  ********


         ETA1      ETA2     
 
 ETA1
+        1.04E-01
 
 ETA2
+        5.31E-02  1.31E-01
 


 SIGMA - COV MATRIX FOR RANDOM EFFECTS - EPSILONS  ****


         EPS1      EPS2     
 
 EPS1
+        1.41E+00
 
 EPS2
+        0.00E+00  2.39E-01
 
1


 OMEGA - CORR MATRIX FOR RANDOM EFFECTS - ETAS  *******


         ETA1      ETA2     
 
 ETA1
+        3.23E-01
 
 ETA2
+        4.54E-01  3.62E-01
 


 SIGMA - CORR MATRIX FOR RANDOM EFFECTS - EPSILONS  ***


         EPS1      EPS2     
 
 EPS1
+        1.19E+00
 
 EPS2
+        0.00E+00  4.89E-01
 
1
 ************************************************************************************************************************
 ********************                                                                                ********************
 ********************               FIRST ORDER CONDITIONAL ESTIMATION WITH INTERACTION              ********************
 ********************                            STANDARD ERROR OF ESTIMATE                          ********************
 ********************                                                                                ********************
 ************************************************************************************************************************
 


 THETA - VECTOR OF FIXED EFFECTS PARAMETERS   *********


         TH 1      TH 2      TH 3      TH 4      TH 5      TH 6      TH 7     
 
         2.11E+03  1.17E+03  1.18E+04  6.97E+00  3.07E+01  1.30E+02  2.76E+01
 


 OMEGA - COV MATRIX FOR RANDOM EFFECTS - ETAS  ********


         ETA1      ETA2     
 
 ETA1
+        3.77E-01
 
 ETA2
+        3.73E-01  5.47E-01
 


 SIGMA - COV MATRIX FOR RANDOM EFFECTS - EPSILONS  ****


         EPS1      EPS2     
 
 EPS1
+        3.01E+02
 
 EPS2
+       .........  9.96E-01
 
1


 OMEGA - CORR MATRIX FOR RANDOM EFFECTS - ETAS  *******


         ETA1      ETA2     
 
 ETA1
+        5.84E-01
 
 ETA2
+        1.43E+00  7.55E-01
 


 SIGMA - CORR MATRIX FOR RANDOM EFFECTS - EPSILONS  ***


         EPS1      EPS2     
 
 EPS1
+        1.27E+02
 
 EPS2
+       .........  1.02E+00
 
1
 ************************************************************************************************************************
 ********************                                                                                ********************
 ********************               FIRST ORDER CONDITIONAL ESTIMATION WITH INTERACTION              ********************
 ********************                          COVARIANCE MATRIX OF ESTIMATE                         ********************
 ********************                                                                                ********************
 ************************************************************************************************************************
 

            TH 1      TH 2      TH 3      TH 4      TH 5      TH 6      TH 7      OM11      OM12      OM22      SG11      SG12  
             SG22  
 
 TH 1
+        4.44E+06
 
 TH 2
+        2.42E+06  1.36E+06
 
 TH 3
+        2.10E+07  1.27E+07  1.39E+08
 
 TH 4
+        1.22E+04  7.43E+03  8.22E+04  4.85E+01
 
 TH 5
+        5.47E+04  3.32E+04  3.62E+05  2.13E+02  9.41E+02
 
 TH 6
+        2.31E+05  1.40E+05  1.53E+06  9.02E+02  3.98E+03  1.68E+04
 
 TH 7
+        4.89E+04  2.97E+04  3.26E+05  1.93E+02  8.48E+02  3.58E+03  7.64E+02
 
 OM11
+       -6.64E+02 -4.04E+02 -4.45E+03 -2.62E+00 -1.16E+01 -4.88E+01 -1.04E+01  1.42E-01
 
 OM12
+       -6.62E+02 -4.02E+02 -4.40E+03 -2.59E+00 -1.14E+01 -4.83E+01 -1.03E+01  1.41E-01  1.39E-01
 
 OM22
+       -9.68E+02 -5.88E+02 -6.45E+03 -3.80E+00 -1.67E+01 -7.08E+01 -1.51E+01  2.05E-01  2.04E-01  2.99E-01
 
 SG11
+        5.35E+05  3.25E+05  3.55E+06  2.09E+03  9.24E+03  3.90E+04  8.32E+03 -1.13E+02 -1.12E+02 -1.64E+02  9.06E+04
 
 SG12
+       ......... ......... ......... ......... ......... ......... ......... ......... ......... ......... ......... .........
 
 SG22
+       -1.77E+03 -1.07E+03 -1.18E+04 -6.93E+00 -3.06E+01 -1.29E+02 -2.75E+01  3.75E-01  3.71E-01  5.44E-01 -3.00E+02 .........
          9.92E-01
 
1
 ************************************************************************************************************************
 ********************                                                                                ********************
 ********************               FIRST ORDER CONDITIONAL ESTIMATION WITH INTERACTION              ********************
 ********************                          CORRELATION MATRIX OF ESTIMATE                        ********************
 ********************                                                                                ********************
 ************************************************************************************************************************
 

            TH 1      TH 2      TH 3      TH 4      TH 5      TH 6      TH 7      OM11      OM12      OM22      SG11      SG12  
             SG22  
 
 TH 1
+        2.11E+03
 
 TH 2
+        9.82E-01  1.17E+03
 
 TH 3
+        8.46E-01  9.24E-01  1.18E+04
 
 TH 4
+        8.32E-01  9.13E-01  9.99E-01  6.97E+00
 
 TH 5
+        8.47E-01  9.25E-01  1.00E+00  9.99E-01  3.07E+01
 
 TH 6
+        8.47E-01  9.26E-01  1.00E+00  9.99E-01  1.00E+00  1.30E+02
 
 TH 7
+        8.40E-01  9.20E-01  1.00E+00  1.00E+00  9.99E-01  9.99E-01  2.76E+01
 
 OM11
+       -8.36E-01 -9.16E-01 -9.98E-01 -9.97E-01 -9.98E-01 -9.98E-01 -9.98E-01  3.77E-01
 
 OM12
+       -8.42E-01 -9.22E-01 -9.99E-01 -9.98E-01 -9.99E-01 -9.99E-01 -9.99E-01  9.98E-01  3.73E-01
 
 OM22
+       -8.41E-01 -9.21E-01 -9.99E-01 -9.98E-01 -9.99E-01 -9.99E-01 -9.98E-01  9.96E-01  9.98E-01  5.47E-01
 
 SG11
+        8.44E-01  9.24E-01  1.00E+00  9.99E-01  1.00E+00  1.00E+00  1.00E+00 -9.98E-01 -9.99E-01 -9.99E-01  3.01E+02
 
 SG12
+       ......... ......... ......... ......... ......... ......... ......... ......... ......... ......... ......... .........
 
 SG22
+       -8.44E-01 -9.24E-01 -1.00E+00 -9.99E-01 -1.00E+00 -1.00E+00 -1.00E+00  9.98E-01  9.99E-01  9.99E-01 -1.00E+00 .........
          9.96E-01
 
1
 ************************************************************************************************************************
 ********************                                                                                ********************
 ********************               FIRST ORDER CONDITIONAL ESTIMATION WITH INTERACTION              ********************
 ********************                      INVERSE COVARIANCE MATRIX OF ESTIMATE                     ********************
 ********************                                                                                ********************
 ************************************************************************************************************************
 

            TH 1      TH 2      TH 3      TH 4      TH 5      TH 6      TH 7      OM11      OM12      OM22      SG11      SG12  
             SG22  
 
 TH 1
+        5.18E-01
 
 TH 2
+        2.13E+00  8.74E+00
 
 TH 3
+       -9.71E+01 -3.99E+02  1.82E+04
 
 TH 4
+        2.47E+04  1.01E+05 -4.63E+06  1.18E+09
 
 TH 5
+       -8.43E+03 -3.46E+04  1.58E+06 -4.02E+08  1.37E+08
 
 TH 6
+        9.24E+03  3.80E+04 -1.73E+06  4.41E+08 -1.50E+08  1.65E+08
 
 TH 7
+       -4.07E+02 -1.67E+03  7.63E+04 -1.94E+07  6.62E+06 -7.26E+06  3.20E+05
 
 OM11
+        6.14E+01  2.51E+02 -1.15E+04  2.92E+06 -9.94E+05  1.09E+06 -4.71E+04  1.31E+04
 
 OM12
+       -8.38E+01 -3.42E+02  1.57E+04 -3.98E+06  1.36E+06 -1.49E+06  6.46E+04 -1.61E+04  2.46E+04
 
 OM22
+       -2.73E+01 -1.12E+02  5.11E+03 -1.31E+06  4.44E+05 -4.87E+05  2.27E+04  1.26E+03 -9.99E+02  9.20E+03
 
 SG11
+        3.97E+03  1.63E+04 -7.44E+05  1.89E+08 -6.46E+07  7.08E+07 -3.11E+06  5.16E+05 -6.91E+05 -1.43E+05  3.12E+07
 
 SG12
+       ......... ......... ......... ......... ......... ......... ......... ......... ......... ......... ......... .........
 
 SG22
+        1.16E+06  4.75E+06 -2.17E+08  5.51E+10 -1.88E+10  2.06E+10 -9.05E+08  1.51E+08 -2.02E+08 -4.12E+07  9.10E+09 .........
          2.65E+12
 
 Elapsed finaloutput time in seconds:     0.05
 #CPUT: Total CPU Time in Seconds,      860.719
Stop Time: 
Thu 09/05/2024 
06:59 PM
